# OUTPUT OF [nmcli -p device show]
===============================================================================
                             Device details (eth0)
===============================================================================
GENERAL.DEVICE:                         eth0
-------------------------------------------------------------------------------
GENERAL.TYPE:                           ethernet
-------------------------------------------------------------------------------
GENERAL.HWADDR:                         F8:D4:62:01:AA:2D
-------------------------------------------------------------------------------
GENERAL.MTU:                            1500
-------------------------------------------------------------------------------
GENERAL.STATE:                          100 (connected)
-------------------------------------------------------------------------------
GENERAL.CONNECTION:                     eth0
-------------------------------------------------------------------------------
GENERAL.CON-PATH:                       /org/freedesktop/NetworkManager/ActiveConnection/4
-------------------------------------------------------------------------------
WIRED-PROPERTIES.CARRIER:               on
-------------------------------------------------------------------------------
IP4.ADDRESS[1]:                         192.168.0.202/24
IP4.ADDRESS[2]:                         192.168.254.254/24
IP4.GATEWAY:                            192.168.0.1
IP4.ROUTE[1]:                           dst = 192.168.254.0/24, nh = 0.0.0.0, mt = 100
IP4.ROUTE[2]:                           dst = 192.168.0.0/24, nh = 0.0.0.0, mt = 100
IP4.ROUTE[3]:                           dst = 0.0.0.0/0, nh = 192.168.0.1, mt = 100
IP4.DNS[1]:                             8.8.8.8
-------------------------------------------------------------------------------
IP6.GATEWAY:                            --
-------------------------------------------------------------------------------

===============================================================================
                             Device details (sit0)
===============================================================================
GENERAL.DEVICE:                         sit0
-------------------------------------------------------------------------------
GENERAL.TYPE:                           iptunnel
-------------------------------------------------------------------------------
GENERAL.HWADDR:                         (unknown)
-------------------------------------------------------------------------------
GENERAL.MTU:                            1480
-------------------------------------------------------------------------------
GENERAL.STATE:                          10 (unmanaged)
-------------------------------------------------------------------------------
GENERAL.CONNECTION:                     --
-------------------------------------------------------------------------------
GENERAL.CON-PATH:                       --
-------------------------------------------------------------------------------
IP4.GATEWAY:                            --
-------------------------------------------------------------------------------
IP6.GATEWAY:                            --
-------------------------------------------------------------------------------

===============================================================================
                              Device details (lo)
===============================================================================
GENERAL.DEVICE:                         lo
-------------------------------------------------------------------------------
GENERAL.TYPE:                           loopback
-------------------------------------------------------------------------------
GENERAL.HWADDR:                         00:00:00:00:00:00
-------------------------------------------------------------------------------
GENERAL.MTU:                            65536
-------------------------------------------------------------------------------
GENERAL.STATE:                          10 (unmanaged)
-------------------------------------------------------------------------------
GENERAL.CONNECTION:                     --
-------------------------------------------------------------------------------
GENERAL.CON-PATH:                       --
-------------------------------------------------------------------------------
IP4.ADDRESS[1]:                         127.0.0.1/8
IP4.GATEWAY:                            --
-------------------------------------------------------------------------------
IP6.ADDRESS[1]:                         ::1/128
IP6.GATEWAY:                            --
-------------------------------------------------------------------------------
# OUTPUT END

# OUTPUT OF [/usr/sbin/iptables-save]
# Generated by iptables-save v1.8.3 on Wed Jun  3 13:42:42 2026
*nat
:PREROUTING ACCEPT [0:0]
:INPUT ACCEPT [0:0]
:OUTPUT ACCEPT [0:0]
:POSTROUTING ACCEPT [0:0]
COMMIT
# Completed on Wed Jun  3 13:42:42 2026
# Generated by iptables-save v1.8.3 on Wed Jun  3 13:42:42 2026
*mangle
:PREROUTING ACCEPT [29583313:56928727547]
:INPUT ACCEPT [29583308:56928726387]
:FORWARD ACCEPT [0:0]
:OUTPUT ACCEPT [29189930:90728220631]
:POSTROUTING ACCEPT [29189941:90728221214]
COMMIT
# Completed on Wed Jun  3 13:42:42 2026
# Generated by iptables-save v1.8.3 on Wed Jun  3 13:42:42 2026
*filter
:INPUT ACCEPT [29581029:56928478379]
:FORWARD ACCEPT [0:0]
:OUTPUT ACCEPT [29187651:90727972623]
COMMIT
# Completed on Wed Jun  3 13:42:42 2026
# OUTPUT END

# OUTPUT OF [netstat -rn]
Kernel IP routing table
Destination     Gateway         Genmask         Flags   MSS Window  irtt Iface
0.0.0.0         192.168.0.1     0.0.0.0         UG        0 0          0 eth0
192.168.0.0     0.0.0.0         255.255.255.0   U         0 0          0 eth0
192.168.254.0   0.0.0.0         255.255.255.0   U         0 0          0 eth0
# OUTPUT END

