[2026-06-20 17:01:49] ========================================
[2026-06-20 17:01:49] CONSOLIDACAO DE DOCUMENTOS - INICIO
[2026-06-20 17:01:49] ========================================
[2026-06-20 17:01:49] 
=== GRUPO 1: Protecao Azure ===
[2026-06-20 17:01:49] Consolidando: ANALISE-PROTECAO-IMAGENS-AZURE-COMPLETO.md
[2026-06-20 17:01:49]   + Adicionando: ANALISE-PROTECAO-IMAGENS-AZURE.md
[2026-06-20 17:01:49]   + Adicionando: ANALISE-PROTECAO-IMAGENS-AZURE-COMPLETO.md
[2026-06-20 17:01:49]   [OK] Criado: ANALISE-PROTECAO-IMAGENS-AZURE-COMPLETO.md
[2026-06-20 17:01:49]   [DEL] ANALISE-PROTECAO-IMAGENS-AZURE.md
[2026-06-20 17:01:49] 
=== GRUPO 3: Consolidacao ===
[2026-06-20 17:01:49] Consolidando: CONSOLIDACAO-COMPLETA-PROJETOS-MASTER.md
[2026-06-20 17:01:49]   + Adicionando: ANALISE-CONSOLIDACAO-TODOS-PROJETOS.md
[2026-06-20 17:01:49]   + Adicionando: CONSOLIDACAO-EXECUTADA-TODOS-PROJETOS.md
[2026-06-20 17:01:49]   + Adicionando: RESUMO-EXECUTIVO-CONSOLIDACAO-COMPLETA.md
[2026-06-20 17:01:49]   + Adicionando: COMPARATIVO-ANTES-DEPOIS-MIGRACAO.md
[2026-06-20 17:01:49]   + Adicionando: EXECUCAO-COMPLETA-MIGRACAO.md
[2026-06-20 17:01:49]   [OK] Criado: CONSOLIDACAO-COMPLETA-PROJETOS-MASTER.md
[2026-06-20 17:01:49]   [DEL] ANALISE-CONSOLIDACAO-TODOS-PROJETOS.md
[2026-06-20 17:01:49]   [DEL] CONSOLIDACAO-EXECUTADA-TODOS-PROJETOS.md
[2026-06-20 17:01:49]   [DEL] RESUMO-EXECUTIVO-CONSOLIDACAO-COMPLETA.md
[2026-06-20 17:01:49]   [DEL] COMPARATIVO-ANTES-DEPOIS-MIGRACAO.md
[2026-06-20 17:01:49]   [DEL] EXECUCAO-COMPLETA-MIGRACAO.md
[2026-06-20 17:01:49] 
=== GRUPO 4: Unified ===
[2026-06-20 17:01:49] Consolidando: UNIFIED-GUIA-COMPLETO.md
[2026-06-20 17:01:49]   + Adicionando: GUIA-RAPIDO-UNIFIED.md
[2026-06-20 17:01:49]   + Adicionando: NAVEGACAO-VISUAL-UNIFICACAO.md
[2026-06-20 17:01:49]   + Adicionando: RESUMO-ENTREGA-UNIFICACAO.md
[2026-06-20 17:01:49]   [OK] Criado: UNIFIED-GUIA-COMPLETO.md
[2026-06-20 17:01:49] Consolidando: UNIFIED-ARQUITETURA-PLANEJAMENTO.md
[2026-06-20 17:01:49]   + Adicionando: PLANO-ORGANIZACIONAL-UNIFICACAO.md
[2026-06-20 17:01:49]   + Adicionando: DIAGRAMA-ARQUITETURA-REESTRUTURACAO.md
[2026-06-20 17:01:49]   + Adicionando: MAPEAMENTO-FUNCIONALIDADES-SISTEMA.md
[2026-06-20 17:01:49]   [OK] Criado: UNIFIED-ARQUITETURA-PLANEJAMENTO.md
[2026-06-20 17:01:49] Consolidando: UNIFIED-README.md
[2026-06-20 17:01:49]   + Adicionando: INDICE-MESTRE-UNIFIED.md
[2026-06-20 17:01:49]   + Adicionando: README-UNIFICACAO.md
[2026-06-20 17:01:49]   + Adicionando: CHECKLIST-REESTRUTURACAO.md
[2026-06-20 17:01:49]   [OK] Criado: UNIFIED-README.md
[2026-06-20 17:01:49]   [DEL] GUIA-RAPIDO-UNIFIED.md
[2026-06-20 17:01:49]   [DEL] NAVEGACAO-VISUAL-UNIFICACAO.md
[2026-06-20 17:01:49]   [DEL] RESUMO-ENTREGA-UNIFICACAO.md
[2026-06-20 17:01:49]   [DEL] PLANO-ORGANIZACIONAL-UNIFICACAO.md
[2026-06-20 17:01:49]   [DEL] DIAGRAMA-ARQUITETURA-REESTRUTURACAO.md
[2026-06-20 17:01:49]   [DEL] MAPEAMENTO-FUNCIONALIDADES-SISTEMA.md
[2026-06-20 17:01:49]   [DEL] INDICE-MESTRE-UNIFIED.md
[2026-06-20 17:01:49]   [DEL] README-UNIFICACAO.md
[2026-06-20 17:01:49]   [DEL] CHECKLIST-REESTRUTURACAO.md
[2026-06-20 17:01:49] 
=== GRUPO 5: HelpDesk ===
[2026-06-20 17:01:49] Consolidando: HELPDESK-PROJETO-COMPLETO.md
[2026-06-20 17:01:49]   + Adicionando: CONSOLIDACAO-PROJETO-HELPDESK-COMPLETA.md
[2026-06-20 17:01:49]   + Adicionando: GUIA-IMPLEMENTACAO-ODOO-HELPDESK.md
[2026-06-20 17:01:49]   + Adicionando: MATRIZ-DECISAO-HELPDESK-2026.md
[2026-06-20 17:01:49]   + Adicionando: PROJETO-HELPDESK-UNIFICADO.md
[2026-06-20 17:01:49]   + Adicionando: PROMPT-ANALISE-HELPDESK.md
[2026-06-20 17:01:49]   + Adicionando: RESUMO-EXECUTIVO-HELPDESK-2026.md
[2026-06-20 17:01:49]   [OK] Criado: HELPDESK-PROJETO-COMPLETO.md
[2026-06-20 17:01:49]   [DEL] CONSOLIDACAO-PROJETO-HELPDESK-COMPLETA.md
[2026-06-20 17:01:49]   [DEL] GUIA-IMPLEMENTACAO-ODOO-HELPDESK.md
[2026-06-20 17:01:49]   [DEL] MATRIZ-DECISAO-HELPDESK-2026.md
[2026-06-20 17:01:49]   [DEL] PROJETO-HELPDESK-UNIFICADO.md
[2026-06-20 17:01:49]   [DEL] PROMPT-ANALISE-HELPDESK.md
[2026-06-20 17:01:49]   [DEL] RESUMO-EXECUTIVO-HELPDESK-2026.md
[2026-06-20 17:01:49] 
=== GRUPO 6: Validacao Visual ===
[2026-06-20 17:01:49] Consolidando: VALIDACAO-VISUAL-GUIA-COMPLETO.md
[2026-06-20 17:01:49]   + Adicionando: CONFIGURACAO-VALIDACAO-VISUAL.md
[2026-06-20 17:01:49]   + Adicionando: RELATORIO-VALIDACAO-VISUAL-COMPLETA.md
[2026-06-20 17:01:49]   + Adicionando: VALIDACAO-VISUAL-COMPLETA-GUIA.md
[2026-06-20 17:01:50]   + Adicionando: GERENCIADOR-VALIDACAO-SISTEMAS-GUIA-COMPLETO.md
[2026-06-20 17:01:50]   [OK] Criado: VALIDACAO-VISUAL-GUIA-COMPLETO.md
[2026-06-20 17:01:50]   [DEL] CONFIGURACAO-VALIDACAO-VISUAL.md
[2026-06-20 17:01:50]   [DEL] RELATORIO-VALIDACAO-VISUAL-COMPLETA.md
[2026-06-20 17:01:50]   [DEL] VALIDACAO-VISUAL-COMPLETA-GUIA.md
[2026-06-20 17:01:50]   [DEL] GERENCIADOR-VALIDACAO-SISTEMAS-GUIA-COMPLETO.md
[2026-06-20 17:01:50] 
=== GRUPO 7: Tarja/Portaria ===
[2026-06-20 17:01:50] Consolidando: TARJA-PORTARIA-ANALISES-INVESTIGACOES.md
[2026-06-20 17:01:50]   + Adicionando: ANALISE-CHAMADO-100460372-PORTARIA-NAO-METROLOGICA.md
[2026-06-20 17:01:50]   + Adicionando: ANALISE-COMPLETA-LOCAIS-PORTARIA-TARJA.md
[2026-06-20 17:01:50]   + Adicionando: ANALISE-ERRO-PORTARIA-492-TARJA-VSIS-OCR.md
[2026-06-20 17:01:50]   + Adicionando: PLANO-INVESTIGACAO-WEB-PORTARIA-492.md
[2026-06-20 17:01:50]   + Adicionando: RESULTADO-INVESTIGACAO-WEB-PORTARIA-492.md
[2026-06-20 17:01:50]   [OK] Criado: TARJA-PORTARIA-ANALISES-INVESTIGACOES.md
[2026-06-20 17:01:50] Consolidando: TARJA-PORTARIA-GUIA-TECNICO-COMPLETO.md
[2026-06-20 17:01:50]   + Adicionando: ANALISE-ORIGEM-DADOS-TEMPLATE-TARJA.md
[2026-06-20 17:01:50]   + Adicionando: DIAGRAMA-FLUXO-DADOS-TARJA.md
[2026-06-20 17:01:50]   + Adicionando: GUIA-CORRECAO-ERRO-PORTARIA-492-2012.md
[2026-06-20 17:01:50]   + Adicionando: GUIA-PRATICO-ATUALIZAR-DADOS-TARJA-INFRACAO.md
[2026-06-20 17:01:50]   + Adicionando: INTERPRETACAO-COMPLETA-CONFIGURACAO-PORTARIA-FAIXAS.md
[2026-06-20 17:01:50]   + Adicionando: MAPEAMENTO-COMPLETO-VARIAVEIS-TARJA-AXION.md
[2026-06-20 17:01:50]   + Adicionando: RESUMO-EXECUTIVO-VALIDACAO-TARJA.md
[2026-06-20 17:01:50]   + Adicionando: VALIDACAO-COMPLETA-TODOS-CAMPOS-TARJA.md
[2026-06-20 17:01:50]   [OK] Criado: TARJA-PORTARIA-GUIA-TECNICO-COMPLETO.md
[2026-06-20 17:01:50]   [DEL] ANALISE-CHAMADO-100460372-PORTARIA-NAO-METROLOGICA.md
[2026-06-20 17:01:50]   [DEL] ANALISE-COMPLETA-LOCAIS-PORTARIA-TARJA.md
[2026-06-20 17:01:50]   [DEL] ANALISE-ERRO-PORTARIA-492-TARJA-VSIS-OCR.md
[2026-06-20 17:01:50]   [DEL] PLANO-INVESTIGACAO-WEB-PORTARIA-492.md
[2026-06-20 17:01:50]   [DEL] RESULTADO-INVESTIGACAO-WEB-PORTARIA-492.md
[2026-06-20 17:01:50]   [DEL] ANALISE-ORIGEM-DADOS-TEMPLATE-TARJA.md
[2026-06-20 17:01:50]   [DEL] DIAGRAMA-FLUXO-DADOS-TARJA.md
[2026-06-20 17:01:50]   [DEL] GUIA-CORRECAO-ERRO-PORTARIA-492-2012.md
[2026-06-20 17:01:50]   [DEL] GUIA-PRATICO-ATUALIZAR-DADOS-TARJA-INFRACAO.md
[2026-06-20 17:01:50]   [DEL] INTERPRETACAO-COMPLETA-CONFIGURACAO-PORTARIA-FAIXAS.md
[2026-06-20 17:01:50]   [DEL] MAPEAMENTO-COMPLETO-VARIAVEIS-TARJA-AXION.md
[2026-06-20 17:01:50]   [DEL] RESUMO-EXECUTIVO-VALIDACAO-TARJA.md
[2026-06-20 17:01:50]   [DEL] VALIDACAO-COMPLETA-TODOS-CAMPOS-TARJA.md
[2026-06-20 17:01:50] 
=== GRUPO 8: Medicao/Goiania ===
[2026-06-20 17:01:50] Consolidando: MEDICAO-ANALISES-DIAGNOSTICOS.md
[2026-06-20 17:01:50]   + Adicionando: ANALISE-MEDICAO-FAIXAS-VALORES-ZERADOS-GOIANIA.md
[2026-06-20 17:01:50]   + Adicionando: COMPARACAO-REGRAS-VS-SISTEMA-MEDICAO.md
[2026-06-20 17:01:50]   + Adicionando: ENTREGA-ANALISE-DADOS-REAIS-SISTEMA.md
[2026-06-20 17:01:50]   + Adicionando: RELATORIO-ANALISE-MEDICAO-GOIANIA-AXION-IA.md
[2026-06-20 17:01:50]   + Adicionando: RESPOSTA-CHAMADO-100676992-DADOS-ZERADOS.md
[2026-06-20 17:01:50]   + Adicionando: ROTEIRO-DIAGNOSTICO-COMPARATIVO-MEDICAO-GOIANIA.md
[2026-06-20 17:01:50]   [OK] Criado: MEDICAO-ANALISES-DIAGNOSTICOS.md
[2026-06-20 17:01:50] Consolidando: MEDICAO-GUIA-TECNICO-COMPLETO.md
[2026-06-20 17:01:50]   + Adicionando: CICLO-COMPLETO-CADASTRO-MEDICAO-AXHUB.md
[2026-06-20 17:01:50]   + Adicionando: GUIA-OPERACIONAL-RAPIDO-MEDICAO.md
[2026-06-20 17:01:50]   + Adicionando: GUIA-USO-FERRAMENTAS-DIAGNOSTICO.md
[2026-06-20 17:01:50]   + Adicionando: GUIA-VALIDACAO-CONTRATOS-FAIXAS.md
[2026-06-20 17:01:50]   + Adicionando: INDICE-DOCUMENTACAO-MEDICAO.md
[2026-06-20 17:01:50]   + Adicionando: INSTRUCOES-EXECUCAO-SCRIPT-SQL.md
[2026-06-20 17:01:50]   + Adicionando: INTEGRACAO-DIAGNOSTICO-MEDICAO.md
[2026-06-20 17:01:50]   + Adicionando: RELATORIO-ABNT-CICLO-MEDICAO-AXHUB.md
[2026-06-20 17:01:50]   + Adicionando: RESUMO-EXECUTIVO-AXION-IA-MEDICAO.md
[2026-06-20 17:01:50]   [OK] Criado: MEDICAO-GUIA-TECNICO-COMPLETO.md
[2026-06-20 17:01:50]   [DEL] ANALISE-MEDICAO-FAIXAS-VALORES-ZERADOS-GOIANIA.md
[2026-06-20 17:01:50]   [DEL] COMPARACAO-REGRAS-VS-SISTEMA-MEDICAO.md
[2026-06-20 17:01:50]   [DEL] ENTREGA-ANALISE-DADOS-REAIS-SISTEMA.md
[2026-06-20 17:01:50]   [DEL] RELATORIO-ANALISE-MEDICAO-GOIANIA-AXION-IA.md
[2026-06-20 17:01:50]   [DEL] RESPOSTA-CHAMADO-100676992-DADOS-ZERADOS.md
[2026-06-20 17:01:50]   [DEL] ROTEIRO-DIAGNOSTICO-COMPARATIVO-MEDICAO-GOIANIA.md
[2026-06-20 17:01:50]   [DEL] CICLO-COMPLETO-CADASTRO-MEDICAO-AXHUB.md
[2026-06-20 17:01:50]   [DEL] GUIA-OPERACIONAL-RAPIDO-MEDICAO.md
[2026-06-20 17:01:50]   [DEL] GUIA-USO-FERRAMENTAS-DIAGNOSTICO.md
[2026-06-20 17:01:50]   [DEL] GUIA-VALIDACAO-CONTRATOS-FAIXAS.md
[2026-06-20 17:01:50]   [DEL] INDICE-DOCUMENTACAO-MEDICAO.md
[2026-06-20 17:01:50]   [DEL] INSTRUCOES-EXECUCAO-SCRIPT-SQL.md
[2026-06-20 17:01:50]   [DEL] INTEGRACAO-DIAGNOSTICO-MEDICAO.md
[2026-06-20 17:01:50]   [DEL] RELATORIO-ABNT-CICLO-MEDICAO-AXHUB.md
[2026-06-20 17:01:50]   [DEL] RESUMO-EXECUTIVO-AXION-IA-MEDICAO.md
[2026-06-20 17:01:50] 
========================================
[2026-06-20 17:01:50] CONSOLIDACAO CONCLUIDA
[2026-06-20 17:01:50] ========================================
[2026-06-20 17:01:50] Verifique o log em: C:\Users\Santiago\Axiondocs\Axion.Docs\consolidacao-documentos.log
