top - 13:48:16 up 5 days, 20:36,  1 user,  load average: 5.72, 5.27, 4.82
Tasks: 126 total,   2 running,  64 sleeping,   0 stopped,   5 zombie
%Cpu0  :  17.7/15.8   34[|||||||||||||||||                                    ]
%Cpu1  :  30.5/19.9   50[|||||||||||||||||||||||||||                          ]
%Cpu2  :  29.6/19.8   49[||||||||||||||||||||||||||                           ]
%Cpu3  :  36.1/21.3   57[||||||||||||||||||||||||||||||                       ]
GiB Mem : 44.4/1.708    [                                                     ]
GiB Swap:  0.0/0.000    [                                                     ]

  PID USER      PR  NI    VIRT    RES  %CPU %MEM     TIME+ S COMMAND
    1 root      20   0   27.3m   5.9m   0.0  0.3   2:01.01 S systemd
  204 root      20   0  179.7m  84.7m   0.0  4.8  12:55.96 S  `- systemd-journ+
  223 root      20   0   16.0m   3.9m   0.0  0.2   0:02.48 S  `- systemd-udevd
  227 systemd+  20   0    7.2m   3.2m   0.0  0.2   0:02.09 S  `- systemd-netwo+
  291 systemd+  20   0   10.7m   4.3m   0.0  0.2   0:02.39 S  `- systemd-resol+
  295 root      20   0    2.3m   0.4m   0.0  0.0   0:00.01 S  `- login
  354 root      20   0   13.0m  10.1m   0.0  0.6   0:00.58 S      `- camera-cli
  297 dbus      20   0    5.0m   2.9m   0.0  0.2   4:39.34 S  `- dbus-daemon
  300 root      20   0    6.7m   1.5m   0.0  0.1   0:04.33 S  `- systemd-logind
  317 root      20   0   47.3m   5.6m   0.0  0.3  50:55.99 S  `- swupdate
  345 root      20   0   28.3m   5.0m   4.5  0.3  90:06.88 S      `- swupdate
  322 root      20   0   45.3m  10.9m   0.0  0.6   8:30.99 S  `- NetworkManager
  326 redis     20   0   29.3m   3.4m   0.0  0.2 206:10.66 S  `- redis-server
  361 root      20   0    7.6m   6.3m   0.0  0.4  37:09.53 S  `- python3
  362 root      20   0 1223.1m  88.6m  18.2  5.1  48:09.77 S  `- node
 2349 root      20   0    2.3m   0.3m   0.0  0.0   0:00.01 S      `- sh
 2350 root      20   0   46.6m   4.3m  68.2  0.2   0:00.23 R          `- journ+
 2351 root      20   0    2.4m   1.3m  22.7  0.1   0:00.07 S          `- gzip
 2352 root      20   0    2.3m   0.3m   0.0  0.0   0:00.01 S      `- sh
 2353 root      20   0    5.1m   2.2m  18.2  0.1   0:00.09 R          `- top
 2354 root      20   0    0.0m   0.0m   0.0  0.0   0:00.02 Z      `- sh
 2355 root      20   0    0.0m   0.0m   9.1  0.0   0:00.02 Z      `- sh
 2357 root      20   0    0.0m   0.0m   9.1  0.0   0:00.02 Z      `- sh
 2359 root      20   0    0.0m   0.0m   9.1  0.0   0:00.02 Z      `- sh
 2362 root      20   0    0.0m   0.0m   4.5  0.0   0:00.01 Z      `- sh
  364 root      20   0  649.7m  32.6m   4.5  1.9 148:42.92 S  `- fail2ban-serv+
  422 root      20   0 1322.4m 580.3m 163.6 33.2  15139:09 S  `- itscamd
  423 root      20   0   16.9m  12.6m   0.0  0.7   0:08.66 S  `- python3
  444 root      20   0    5.3m   3.7m   0.0  0.2   0:02.54 S  `- sshd
  789 root      20   0  526.5m  10.4m   0.0  0.6   9:54.87 S  `- varco-device
  864 root      20   0   12.1m   1.8m   0.0  0.1   0:00.92 S  `- chronyd
    2 root      20   0    0.0m   0.0m   0.0  0.0   0:01.72 S kthreadd
    3 root       0 -20    0.0m   0.0m   0.0  0.0   0:00.00 I  `- rcu_gp
    4 root       0 -20    0.0m   0.0m   0.0  0.0   0:00.00 I  `- rcu_par_gp
    8 root       0 -20    0.0m   0.0m   0.0  0.0   0:00.00 I  `- mm_percpu_wq
    9 root      20   0    0.0m   0.0m   0.0  0.0   1:18.23 S  `- ksoftirqd/0
   10 root      20   0    0.0m   0.0m   0.0  0.0  45:32.54 I  `- rcu_preempt
   11 root      20   0    0.0m   0.0m   0.0  0.0   0:00.02 I  `- rcu_sched
   12 root      20   0    0.0m   0.0m   0.0  0.0   0:00.00 I  `- rcu_bh
   13 root      rt   0    0.0m   0.0m   0.0  0.0   2:53.12 S  `- migration/0
   14 root      20   0    0.0m   0.0m   0.0  0.0   0:00.00 S  `- cpuhp/0
   15 root      20   0    0.0m   0.0m   0.0  0.0   0:00.00 S  `- cpuhp/1
   16 root      rt   0    0.0m   0.0m   0.0  0.0   1:55.91 S  `- migration/1
   17 root      20   0    0.0m   0.0m   0.0  0.0   0:23.82 S  `- ksoftirqd/1
   20 root      20   0    0.0m   0.0m   0.0  0.0   0:00.00 S  `- cpuhp/2
   21 root      rt   0    0.0m   0.0m   0.0  0.0   1:41.11 S  `- migration/2
   22 root      20   0    0.0m   0.0m   0.0  0.0   0:30.09 S  `- ksoftirqd/2
   25 root      20   0    0.0m   0.0m   0.0  0.0   0:00.00 S  `- cpuhp/3
   26 root      rt   0    0.0m   0.0m   0.0  0.0   1:50.48 S  `- migration/3
   27 root      20   0    0.0m   0.0m   0.0  0.0   0:19.27 S  `- ksoftirqd/3
   30 root      20   0    0.0m   0.0m   0.0  0.0   0:00.00 S  `- kdevtmpfs
   32 root       0 -20    0.0m   0.0m   0.0  0.0   0:00.00 I  `- netns
   33 root      20   0    0.0m   0.0m   0.0  0.0   0:00.00 S  `- rcu_tasks_kth+
   35 root      20   0    0.0m   0.0m   0.0  0.0   0:14.76 I  `- kworker/1:1-m+
   36 root      20   0    0.0m   0.0m   0.0  0.0   0:00.00 S  `- oom_reaper
   37 root       0 -20    0.0m   0.0m   0.0  0.0   0:00.00 I  `- writeback
   38 root      20   0    0.0m   0.0m   0.0  0.0   0:00.00 S  `- kcompactd0
   39 root      25   5    0.0m   0.0m   0.0  0.0   0:00.00 S  `- ksmd
   40 root       0 -20    0.0m   0.0m   0.0  0.0   0:00.00 I  `- crypto
   41 root       0 -20    0.0m   0.0m   0.0  0.0   0:00.00 I  `- kblockd
   42 root      20   0    0.0m   0.0m   0.0  0.0   0:00.00 S  `- kconsole
   43 root      20   0    0.0m   0.0m   0.0  0.0  23:55.49 D  `- kworker/2:1+e+
   44 root       0 -20    0.0m   0.0m   0.0  0.0   0:00.00 I  `- devfreq_wq
   46 root      rt   0    0.0m   0.0m   0.0  0.0   0:27.36 S  `- watchdogd
   47 root       0 -20    0.0m   0.0m   0.0  0.0   0:00.00 I  `- cfg80211
   48 root      20   0    0.0m   0.0m   0.0  0.0   0:00.00 S  `- kswapd0
   49 root     -51   0    0.0m   0.0m   0.0  0.0   0:00.00 S  `- irq/72-rockch+
   50 root     -51   0    0.0m   0.0m   0.0  0.0   0:00.00 S  `- irq/73-rockch+
   51 root       0 -20    0.0m   0.0m   0.0  0.0   0:00.00 I  `- rkvdec
   52 root     -51   0    0.0m   0.0m   0.0  0.0   0:00.00 S  `- irq/54-ffb800+
   54 root       0 -20    0.0m   0.0m   0.0  0.0   0:00.00 I  `- iommu_wq
   55 root       0 -20    0.0m   0.0m   0.0  0.0   0:00.00 I  `- vdpu
   56 root     -51   0    0.0m   0.0m   0.0  0.0   0:00.00 S  `- irq/57-ffb904+
   57 root       0 -20    0.0m   0.0m   0.0  0.0   0:00.00 I  `- vepu
   58 root     -51   0    0.0m   0.0m   0.0  0.0   3:16.90 S  `- irq/56-ffb900+
   59 root       0 -20    0.0m   0.0m   0.0  0.0   0:00.00 I  `- iep
   60 root     -51   0    0.0m   0.0m   0.0  0.0   0:00.00 S  `- irq/45-ffb200+
   61 root      20   0    0.0m   0.0m   0.0  0.0   0:00.00 S  `- hwrng
   64 root     -51   0    0.0m   0.0m   0.0  0.0   0:00.00 S  `- irq/75-rk817
   65 root       0 -20    0.0m   0.0m   0.0  0.0   0:00.00 I  `- rkisp bridge +
   66 root     -51   0    0.0m   0.0m   0.0  0.0   0:07.42 S  `- irq/38-rockch+
   67 root     -51   0    0.0m   0.0m   0.0  0.0  34:43.51 S  `- irq/39-rockch+
   68 root       0 -20    0.0m   0.0m   0.0  0.0   0:00.00 I  `- dm_bufio_cache
   70 root       0 -20    0.0m   0.0m   0.0  0.0   0:00.00 I  `- ipv6_addrconf
   71 root      10 -10    0.0m   0.0m   0.0  0.0   0:00.00 S  `- krfcommd
   74 root     -51   0    0.0m   0.0m   0.0  0.0   0:00.00 S  `- irq/41-rga
   75 root       0 -20    0.0m   0.0m   0.0  0.0   0:00.00 I  `- mmc_complete
   78 root       0 -20    0.0m   0.0m   0.0  0.0   0:00.00 I  `- rkvenc
   79 root       0 -20    0.0m   0.0m   0.0  0.0   0:00.00 I  `- iommu_wq
   80 root     -51   0    0.0m   0.0m   0.0  0.0   0:00.00 S  `- irq/59-ffbb00+
  137 root      20   0    0.0m   0.0m   0.0  0.0   0:44.13 S  `- jbd2/mmcblk0p+
  138 root       0 -20    0.0m   0.0m   0.0  0.0   0:00.00 I  `- ext4-rsv-conv+
  214 root      20   0    0.0m   0.0m   0.0  0.0  16:41.80 D  `- kworker/2:2+e+
  282 root      20   0    0.0m   0.0m   0.0  0.0   0:00.00 S  `- jbd2/mmcblk0p+
  283 root       0 -20    0.0m   0.0m   0.0  0.0   0:00.00 I  `- ext4-rsv-conv+
  284 root      20   0    0.0m   0.0m   0.0  0.0   0:00.00 S  `- jbd2/mmcblk0p+
  285 root       0 -20    0.0m   0.0m   0.0  0.0   0:00.00 I  `- ext4-rsv-conv+
  305 root       0 -20    0.0m   0.0m   0.0  0.0   0:00.00 I  `- npu_power_off+
  306 root       0 -20    0.0m   0.0m   0.0  0.0   0:00.00 I  `- galcore workq+
  307 root       0 -20    0.0m   0.0m   0.0  0.0  10:46.99 S  `- galcore_deamo+
  312 root       0 -20    0.0m   0.0m   0.0  0.0   0:00.00 I  `- stmmac_wq
  638 root      20   0    0.0m   0.0m   0.0  0.0   3:09.70 I  `- kworker/2:3-e+
 1632 root      20   0    0.0m   0.0m   0.0  0.0   0:51.46 I  `- kworker/0:0-pm
 3994 root       0 -20    0.0m   0.0m   0.0  0.0   0:16.81 I  `- kworker/2:2H-+
 3367 root       0 -20    0.0m   0.0m   0.0  0.0   0:02.16 I  `- kworker/3:0H-+
 3651 root       0 -20    0.0m   0.0m   0.0  0.0   0:01.29 I  `- kworker/1:0H-+
 3118 root      20   0    0.0m   0.0m   0.0  0.0   0:00.00 I  `- kworker/0:1-c+
 3540 root      20   0    0.0m   0.0m   0.0  0.0   0:00.00 I  `- kworker/2:4-c+
 1858 root      20   0    0.0m   0.0m   0.0  0.0   0:00.00 I  `- kworker/1:0-c+
 2162 root       0 -20    0.0m   0.0m   0.0  0.0   0:00.29 I  `- kworker/0:0H-+
 3664 root      20   0    0.0m   0.0m   0.0  0.0   0:02.25 I  `- kworker/u8:1-+
 3939 root       0 -20    0.0m   0.0m   0.0  0.0   0:00.08 I  `- kworker/0:1H-+
  602 root      20   0    0.0m   0.0m   0.0  0.0   0:00.07 I  `- kworker/3:0-m+
 1035 root       0 -20    0.0m   0.0m   0.0  0.0   0:00.00 I  `- kworker/1:2H
 1078 root      20   0    0.0m   0.0m   0.0  0.0   0:00.89 I  `- kworker/u8:0-+
 1111 root      20   0    0.0m   0.0m   0.0  0.0   0:00.00 I  `- kworker/3:2-m+
 1157 root       0 -20    0.0m   0.0m   0.0  0.0   0:00.00 I  `- kworker/0:2H
 1232 root       0 -20    0.0m   0.0m   0.0  0.0   0:00.00 I  `- kworker/2:0H
 1310 root       0 -20    0.0m   0.0m   0.0  0.0   0:00.00 I  `- kworker/3:2H
 1591 root      20   0    0.0m   0.0m   0.0  0.0   0:00.44 I  `- kworker/u8:2-+
 1592 root      20   0    0.0m   0.0m   0.0  0.0   0:00.02 I  `- kworker/3:1-e+
 1599 root       0 -20    0.0m   0.0m   0.0  0.0   0:00.07 I  `- kworker/0:3H-+
 1710 root       0 -20    0.0m   0.0m   0.0  0.0   0:00.00 I  `- kworker/1:1H
 1874 root       0 -20    0.0m   0.0m   0.0  0.0   0:00.00 I  `- kworker/3:1H
 1907 root      20   0    0.0m   0.0m   0.0  0.0   0:00.00 I  `- kworker/0:2-c+
 2281 root       0 -20    0.0m   0.0m   0.0  0.0   0:00.01 I  `- kworker/2:1H-+
