ffmpeg version 8.1.1-full_build-www.gyan.dev Copyright (c) 2000-2026 the FFmpeg developers
  built with gcc 15.2.0 (Rev13, Built by MSYS2 project)
  configuration: --enable-gpl --enable-version3 --enable-static --disable-w32threads --disable-autodetect --enable-cairo --enable-fontconfig --enable-iconv --enable-gnutls --enable-lcms2 --enable-libxml2 --enable-gmp --enable-bzlib --enable-lzma --enable-libsnappy --enable-zlib --enable-librist --enable-libsrt --enable-libssh --enable-libzmq --enable-avisynth --enable-libbluray --enable-libcaca --enable-libdvdnav --enable-libdvdread --enable-sdl2 --enable-libaribb24 --enable-libaribcaption --enable-libdav1d --enable-libdavs2 --enable-libopenjpeg --enable-libquirc --enable-libuavs3d --enable-libxevd --enable-libzvbi --enable-liboapv --enable-libqrencode --enable-librav1e --enable-libsvtav1 --enable-libvvenc --enable-libwebp --enable-libx264 --enable-libx265 --enable-libxavs2 --enable-libxeve --enable-libxvid --enable-libaom --enable-libjxl --enable-libsvtjpegxs --enable-libvpx --enable-mediafoundation --enable-libass --enable-frei0r --enable-libfreetype --enable-libfribidi --enable-libharfbuzz --enable-liblensfun --enable-libvidstab --enable-libvmaf --enable-libzimg --enable-amf --enable-cuda-llvm --enable-cuvid --enable-dxva2 --enable-d3d11va --enable-d3d12va --enable-ffnvcodec --enable-libvpl --enable-nvdec --enable-nvenc --enable-vaapi --enable-libshaderc --enable-vulkan --enable-libplacebo --enable-opencl --enable-libcdio --enable-openal --enable-libgme --enable-libmodplug --enable-libopenmpt --enable-libopencore-amrwb --enable-libmp3lame --enable-libshine --enable-libtheora --enable-libtwolame --enable-libvo-amrwbenc --enable-libcodec2 --enable-libilbc --enable-libgsm --enable-liblc3 --enable-libopencore-amrnb --enable-libopus --enable-libspeex --enable-libvorbis --enable-ladspa --enable-libbs2b --enable-libflite --enable-libmysofa --enable-librubberband --enable-libsoxr --enable-chromaprint --enable-whisper
  libavutil      60. 26.101 / 60. 26.101
  libavcodec     62. 28.101 / 62. 28.101
  libavformat    62. 12.101 / 62. 12.101
  libavdevice    62.  3.101 / 62.  3.101
  libavfilter    11. 14.101 / 11. 14.101
  libswscale      9.  5.101 /  9.  5.101
  libswresample   6.  3.101 /  6.  3.101
Input #0, concat, from 'C:\Users\Santiago\Axiondocs\Axion.Docs\video-v02-frames\concat_final.txt':
  Duration: N/A, start: 0.000000, bitrate: N/A
  Stream #0:0: Video: png, rgb24(pc, gbr/unknown/unknown), 1600x900, 25 fps, 25 tbr, 25 tbn
Stream mapping:
  Stream #0:0 -> #0:0 (png (native) -> h264 (libx264))
Press [q] to stop, [?] for help
[libx264 @ 0000012bff3f9840] using cpu capabilities: MMX2 SSE2Fast SSSE3 SSE4.2 AVX FMA3 BMI2 AVX2 AVX512
[libx264 @ 0000012bff3f9840] profile High, level 3.1, 4:2:0, 8-bit
[libx264 @ 0000012bff3f9840] 264 - core 165 r3223 0480cb0 - H.264/MPEG-4 AVC codec - Copyleft 2003-2025 - http://www.videolan.org/x264.html - options: cabac=1 ref=2 deblock=1:0:0 analyse=0x3:0x113 me=hex subme=6 psy=1 psy_rd=1.00:0.00 mixed_ref=1 me_range=16 chroma_me=1 trellis=1 8x8dct=1 cqm=0 deadzone=21,11 fast_pskip=1 chroma_qp_offset=-2 threads=12 lookahead_threads=2 sliced_threads=0 nr=0 decimate=1 interlaced=0 bluray_compat=0 constrained_intra=0 bframes=3 b_pyramid=2 b_adapt=1 b_bias=0 direct=1 weightb=1 open_gop=0 weightp=1 keyint=250 keyint_min=25 scenecut=40 intra_refresh=0 rc_lookahead=30 rc=crf mbtree=1 crf=20.0 qcomp=0.60 qpmin=0 qpmax=69 qpstep=4 ip_ratio=1.40 aq=1:1.00
Output #0, mp4, to 'C:\Users\Santiago\Axiondocs\Axion.Docs\video-v02-frames\base_narrado.mp4':
  Metadata:
    encoder         : Lavf62.12.101
  Stream #0:0: Video: h264 (avc1 / 0x31637661), yuv420p(tv, progressive), 1280x720, q=2-31, 25 fps, 12800 tbn
    Metadata:
      encoder         : Lavc62.28.101 libx264
    Side data:
      CPB properties: bitrate max/min/avg: 0/0/0 buffer size: 0 vbv_delay: N/A
frame=   54 fps=0.0 q=25.0 size=       0KiB time=00:00:02.00 bitrate=   0.2kbits/s speed=3.89x elapsed=0:00:00.51    frame=  178 fps=171 q=25.0 size=       0KiB time=00:00:07.04 bitrate=   0.1kbits/s speed=6.75x elapsed=0:00:01.04    frame=  356 fps=229 q=25.0 size=       0KiB time=00:00:14.16 bitrate=   0.0kbits/s speed=9.09x elapsed=0:00:01.55    frame=  494 fps=238 q=25.0 size=       0KiB time=00:00:19.68 bitrate=   0.0kbits/s speed=9.48x elapsed=0:00:02.07    frame=  665 fps=256 q=25.0 size=       0KiB time=00:00:26.52 bitrate=   0.0kbits/s speed=10.2x elapsed=0:00:02.59    frame=  849 fps=273 q=25.0 size=       0KiB time=00:00:33.76 bitrate=   0.0kbits/s speed=10.9x elapsed=0:00:03.10    frame=  991 fps=272 q=25.0 size=       0KiB time=00:00:39.56 bitrate=   0.0kbits/s speed=10.9x elapsed=0:00:03.63    frame= 1171 fps=282 q=25.0 size=       0KiB time=00:00:46.76 bitrate=   0.0kbits/s speed=11.2x elapsed=0:00:04.15    frame= 1338 fps=287 q=25.0 size=       0KiB time=00:00:53.44 bitrate=   0.0kbits/s speed=11.4x elapsed=0:00:04.66    frame= 1453 fps=280 q=25.0 size=     256KiB time=00:00:58.04 bitrate=  36.1kbits/s speed=11.2x elapsed=0:00:05.18    frame= 1619 fps=283 q=25.0 size=     256KiB time=00:01:04.64 bitrate=  32.4kbits/s speed=11.3x elapsed=0:00:05.72    frame= 1784 fps=286 q=25.0 size=     256KiB time=00:01:11.08 bitrate=  29.5kbits/s speed=11.4x elapsed=0:00:06.24    frame= 1934 fps=285 q=25.0 size=     256KiB time=00:01:17.28 bitrate=  27.1kbits/s speed=11.4x elapsed=0:00:06.78    frame= 2108 fps=289 q=25.0 size=     256KiB time=00:01:24.24 bitrate=  24.9kbits/s speed=11.5x elapsed=0:00:07.29    
Enter command: <target>|all <time>|-1 <command>[ <argument>]

Parse error, at least 3 arguments were expected, only 1 given in string 'hildItem "C:\Users\Santiago\Axiondocs\Axion.Docs\video-v02-frames" -Filter "*.mp4","*.wav" | Select-Object Name, @{N="MB";E={[math]::Round($_.Length/1MB,2)}}, LastWriteTime | Format-Table -AutoSize'
